// Jest Snapshot v1, https://goo.gl/fbAQLP

exports[`Gift renders properly 1`] = `
<div
  className="gift"
>
  <Form
    bsClass="form"
    componentClass="form"
    horizontal={false}
    inline={false}
  >
    <FormGroup
      bsClass="form-group"
    >
      <ControlLabel
        bsClass="control-label"
        srOnly={false}
      >
        Person
      </ControlLabel>
      <FormControl
        bsClass="form-control"
        className="input-person"
        componentClass="input"
        onChange={[Function]}
      />
    </FormGroup>
    <FormGroup
      bsClass="form-group"
    >
      <ControlLabel
        bsClass="control-label"
        srOnly={false}
      >
        Present
      </ControlLabel>
      <FormControl
        bsClass="form-control"
        className="input-present"
        componentClass="input"
        onChange={[Function]}
      />
    </FormGroup>
  </Form>
  <Button
    active={false}
    block={false}
    bsClass="btn"
    bsStyle="default"
    className="btn-remove"
    disabled={false}
    onClick={[Function]}
  >
    Remove Gift
  </Button>
</div>
`;
